// Jest Snapshot v1, https://goo.gl/fbAQLP

exports[`onRenderBody should create post body components Providing common Sentry options should add a postBodyComponent 1`] = `
Array [
  Array [
    <script
      dangerouslySetInnerHTML={
        Object {
          "__html": "var head = document.head || document.getElementsByTagName(\\"head\\")[0];
var script = document.createElement(\\"script\\");
script.src=\\"https://browser.sentry-cdn.com/5.4.0/bundle.min.js\\";
script.onload=() => Sentry.init({dsn:\\"this-is-a-testing-dsn\\"});
script.type=\\"text/javascript\\";
script.charset=\\"utf8\\";
script.async=true;
head.appendChild(script);",
        }
      }
    />,
  ],
]
`;

exports[`pluginsOptions need a "src" property 1`] = `"gatsby-plugin-load-script needs a \\"src\\" option in order to work correctly"`;
