// Jest Snapshot v1, https://goo.gl/fbAQLP

exports[`Providing common Sentry options should add a postBodyComponent 1`] = `
Array [
  Array [
    <script
      dangerouslySetInnerHTML={
        Object {
          "__html": "var head = document.head || document.getElementsByTagName(\\"head\\")[0];
var script = document.createElement(\\"script\\");
script.setAttribute(\\"src\\", \\"https://browser.sentry-cdn.com/5.15.4/bundle.min.js\\");
script.setAttribute(\\"onload\\", () => Sentry.init({dsn:\\"this-is-a-testing-dsn\\"}));
script.setAttribute(\\"type\\", \\"text/javascript\\");
script.setAttribute(\\"charset\\", \\"utf8\\");
script.setAttribute(\\"integrity\\", \\"sha384-Nrg+xiw+qRl3grVrxJtWazjeZmUwoSt0FAVsbthlJ5OMpx0G08bqIq3b/v0hPjhB\\");
script.setAttribute(\\"crossorigin\\", \\"anonymous\\");
script.setAttribute(\\"async\\", \\"\\");
head.appendChild(script);",
        }
      }
    />,
  ],
]
`;

exports[`pluginsOptions need a "src" property 1`] = `"gatsby-plugin-load-script needs a \\"src\\" option in order to work correctly"`;
